I'm sorry, but errors were detected in your script. Please correct the
errors listed below, and try again.


File "game/script.rpy", line 136: Indentation mismatch.

Ren'Py Version: Ren'Py 8.1.3.23091805
Sat Dec 23 00:07:08 2023
